============================= test session starts =============================
platform win32 -- Python 3.12.0, pytest-9.0.0, pluggy-1.6.0 -- C:\Users\DEVDATTA NARAWADE\AppData\Local\Programs\Python\Python312\python.exe
cachedir: .pytest_cache
metadata: {'Python': '3.12.0', 'Platform': 'Windows-11-10.0.26200-SP0', 'Packages': {'pytest': '9.0.0', 'pluggy': '1.6.0'}, 'Plugins': {'anyio': '4.11.0', 'langsmith': '0.4.42', 'json-report': '1.5.0', 'metadata': '3.1.1'}}
rootdir: E:\PROJECTS\alrouf_led\quotation-microservice
plugins: anyio-4.11.0, langsmith-0.4.42, json-report-1.5.0, metadata-3.1.1
collecting ... collected 3 items

test_app.py::test_rag_pipeline_english_query 
--- RAG Pipeline Initialization ---
Ingesting documents...
Loaded 2 documents.
Chunking documents...
Created 2 chunks.
Generating embeddings...
Generated 2 embeddings.
Building FAISS index...
FAISS index built.
Pipeline initialized in 0.00 seconds.

PASSED
test_app.py::test_rag_pipeline_arabic_query 
--- RAG Pipeline Initialization ---
Ingesting documents...
Loaded 2 documents.
Chunking documents...
Created 2 chunks.
Generating embeddings...
Generated 2 embeddings.
Building FAISS index...
FAISS index built.
Pipeline initialized in 0.00 seconds.

PASSED
test_app.py::test_rag_no_relevant_context 
--- RAG Pipeline Initialization ---
Ingesting documents...
Loaded 1 documents.
Chunking documents...
Created 1 chunks.
Generating embeddings...
Generated 1 embeddings.
Building FAISS index...
FAISS index built.
Pipeline initialized in 0.00 seconds.

PASSED

============================== slowest durations ==============================
0.02s setup    test_app.py::test_rag_pipeline_english_query
0.02s setup    test_app.py::test_rag_no_relevant_context
0.01s setup    test_app.py::test_rag_pipeline_arabic_query

(6 durations < 0.005s hidden.  Use -vv to show these durations.)
============================= 3 passed in 11.99s ==============================
